Traceback (most recent call last):
  File "C:\Users\supar\Downloads\universityevemng\university-event-platform\backend\venv\lib\site-packages\sqlalchemy\engine\base.py", line 1967, in _exec_single_context
    self.dialect.do_execute(
  File "C:\Users\supar\Downloads\universityevemng\university-event-platform\backend\venv\lib\site-packages\sqlalchemy\engine\default.py", line 924, in do_execute
    cursor.execute(statement, parameters)
psycopg2.errors.InvalidTextRepresentation: invalid input value for enum joinrequeststatus: "pending_admin"
LINE 3: WHERE club_join_requests.status = 'pending_admin'
                                          ^


The above exception was the direct cause of the following exception:

Traceback (most recent call last):
  File "C:\Users\supar\Downloads\universityevemng\university-event-platform\backend\venv\lib\site-packages\starlette\middleware\errors.py", line 164, in __call__
    await self.app(scope, receive, _send)
  File "C:\Users\supar\Downloads\universityevemng\university-event-platform\backend\venv\lib\site-packages\starlette\middleware\cors.py", line 85, in __call__
    await self.app(scope, receive, send)
  File "C:\Users\supar\Downloads\universityevemng\university-event-platform\backend\venv\lib\site-packages\starlette\middleware\exceptions.py", line 65, in __call__
    await wrap_app_handling_exceptions(self.app, conn)(scope, receive, send)
  File "C:\Users\supar\Downloads\universityevemng\university-event-platform\backend\venv\lib\site-packages\starlette\_exception_handler.py", line 64, in wrapped_app
    raise exc
  File "C:\Users\supar\Downloads\universityevemng\university-event-platform\backend\venv\lib\site-packages\starlette\_exception_handler.py", line 53, in wrapped_app
    await app(scope, receive, sender)
  File "C:\Users\supar\Downloads\universityevemng\university-event-platform\backend\venv\lib\site-packages\starlette\routing.py", line 756, in __call__
    await self.middleware_stack(scope, receive, send)
  File "C:\Users\supar\Downloads\universityevemng\university-event-platform\backend\venv\lib\site-packages\starlette\routing.py", line 776, in app
    await route.handle(scope, receive, send)
  File "C:\Users\supar\Downloads\universityevemng\university-event-platform\backend\venv\lib\site-packages\starlette\routing.py", line 297, in handle
    await self.app(scope, receive, send)
  File "C:\Users\supar\Downloads\universityevemng\university-event-platform\backend\venv\lib\site-packages\starlette\routing.py", line 77, in app
    await wrap_app_handling_exceptions(app, request)(scope, receive, send)
  File "C:\Users\supar\Downloads\universityevemng\university-event-platform\backend\venv\lib\site-packages\starlette\_exception_handler.py", line 64, in wrapped_app
    raise exc
  File "C:\Users\supar\Downloads\universityevemng\university-event-platform\backend\venv\lib\site-packages\starlette\_exception_handler.py", line 53, in wrapped_app
    await app(scope, receive, sender)
  File "C:\Users\supar\Downloads\universityevemng\university-event-platform\backend\venv\lib\site-packages\starlette\routing.py", line 72, in app
    response = await func(request)
  File "C:\Users\supar\Downloads\universityevemng\university-event-platform\backend\venv\lib\site-packages\fastapi\routing.py", line 278, in app
    raw_response = await run_endpoint_function(
  File "C:\Users\supar\Downloads\universityevemng\university-event-platform\backend\venv\lib\site-packages\fastapi\routing.py", line 193, in run_endpoint_function
    return await run_in_threadpool(dependant.call, **values)
  File "C:\Users\supar\Downloads\universityevemng\university-event-platform\backend\venv\lib\site-packages\starlette\concurrency.py", line 42, in run_in_threadpool
    return await anyio.to_thread.run_sync(func, *args)
  File "C:\Users\supar\Downloads\universityevemng\university-event-platform\backend\venv\lib\site-packages\anyio\to_thread.py", line 63, in run_sync
    return await get_async_backend().run_sync_in_worker_thread(
  File "C:\Users\supar\Downloads\universityevemng\university-event-platform\backend\venv\lib\site-packages\anyio\_backends\_asyncio.py", line 2502, in run_sync_in_worker_thread
    return await future
  File "C:\Users\supar\Downloads\universityevemng\university-event-platform\backend\venv\lib\site-packages\anyio\_backends\_asyncio.py", line 986, in run
    result = context.run(func, *args)
  File "C:\Users\supar\Downloads\universityevemng\university-event-platform\backend\app\api\routers\admin.py", line 125, in get_pending_club_requests
    requests = db.query(ClubJoinRequest).filter(ClubJoinRequest.status == "pending_admin").all()
  File "C:\Users\supar\Downloads\universityevemng\university-event-platform\backend\venv\lib\site-packages\sqlalchemy\orm\query.py", line 2673, in all
    return self._iter().all()  # type: ignore
  File "C:\Users\supar\Downloads\universityevemng\university-event-platform\backend\venv\lib\site-packages\sqlalchemy\orm\query.py", line 2827, in _iter
    result: Union[ScalarResult[_T], Result[_T]] = self.session.execute(
  File "C:\Users\supar\Downloads\universityevemng\university-event-platform\backend\venv\lib\site-packages\sqlalchemy\orm\session.py", line 2351, in execute
    return self._execute_internal(
  File "C:\Users\supar\Downloads\universityevemng\university-event-platform\backend\venv\lib\site-packages\sqlalchemy\orm\session.py", line 2236, in _execute_internal
    result: Result[Any] = compile_state_cls.orm_execute_statement(
  File "C:\Users\supar\Downloads\universityevemng\university-event-platform\backend\venv\lib\site-packages\sqlalchemy\orm\context.py", line 293, in orm_execute_statement
    result = conn.execute(
  File "C:\Users\supar\Downloads\universityevemng\university-event-platform\backend\venv\lib\site-packages\sqlalchemy\engine\base.py", line 1418, in execute
    return meth(
  File "C:\Users\supar\Downloads\universityevemng\university-event-platform\backend\venv\lib\site-packages\sqlalchemy\sql\elements.py", line 515, in _execute_on_connection
    return connection._execute_clauseelement(
  File "C:\Users\supar\Downloads\universityevemng\university-event-platform\backend\venv\lib\site-packages\sqlalchemy\engine\base.py", line 1640, in _execute_clauseelement
    ret = self._execute_context(
  File "C:\Users\supar\Downloads\universityevemng\university-event-platform\backend\venv\lib\site-packages\sqlalchemy\engine\base.py", line 1846, in _execute_context
    return self._exec_single_context(
  File "C:\Users\supar\Downloads\universityevemng\university-event-platform\backend\venv\lib\site-packages\sqlalchemy\engine\base.py", line 1986, in _exec_single_context
    self._handle_dbapi_exception(
  File "C:\Users\supar\Downloads\universityevemng\university-event-platform\backend\venv\lib\site-packages\sqlalchemy\engine\base.py", line 2353, in _handle_dbapi_exception
    raise sqlalchemy_exception.with_traceback(exc_info[2]) from e
  File "C:\Users\supar\Downloads\universityevemng\university-event-platform\backend\venv\lib\site-packages\sqlalchemy\engine\base.py", line 1967, in _exec_single_context
    self.dialect.do_execute(
  File "C:\Users\supar\Downloads\universityevemng\university-event-platform\backend\venv\lib\site-packages\sqlalchemy\engine\default.py", line 924, in do_execute
    cursor.execute(statement, parameters)
sqlalchemy.exc.DataError: (psycopg2.errors.InvalidTextRepresentation) invalid input value for enum joinrequeststatus: "pending_admin"
LINE 3: WHERE club_join_requests.status = 'pending_admin'
                                          ^

[SQL: SELECT club_join_requests.id AS club_join_requests_id, club_join_requests.user_id AS club_join_requests_user_id, club_join_requests.club_id AS club_join_requests_club_id, club_join_requests.status AS club_join_requests_status, club_join_requests.message AS club_join_requests_message, club_join_requests.created_at AS club_join_requests_created_at 
FROM club_join_requests 
WHERE club_join_requests.status = %(status_1)s]
[parameters: {'status_1': 'pending_admin'}]
(Background on this error at: https://sqlalche.me/e/20/9h9h)
